// Jest Snapshot v1, https://goo.gl/fbAQLP

exports[`About us should render about us page 1`] = `
<div>
  <section
    class="about-us"
  />
</div>
`;
