// Jest Snapshot v1, https://goo.gl/fbAQLP

exports[`Join should render join 1`] = `
<div>
  <section
    class="join"
  />
</div>
`;
